// Jest Snapshot v1, https://goo.gl/fbAQLP

exports[`matches snapshot 1`] = `
<DocumentFragment>
  <div
    class="MuiBox-root css-zitybv"
  >
    <h4
      class="MuiTypography-root MuiTypography-h4 css-5lbw0b-MuiTypography-root"
    >
      Your Groups
    </h4>
    <div
      class="MuiStack-root css-1p5q5e5-MuiStack-root"
    >
      <div
        class="MuiPaper-root MuiPaper-elevation MuiPaper-rounded MuiPaper-elevation1 MuiCard-root css-bhp9pd-MuiPaper-root-MuiCard-root"
      >
        <div
          class="MuiCardContent-root css-46bh2p-MuiCardContent-root"
        >
          <h6
            class="MuiTypography-root MuiTypography-h6 css-2ulfj5-MuiTypography-root"
          >
            Test Group 1
          </h6>
          <p
            class="MuiTypography-root MuiTypography-body1 css-ahj2mt-MuiTypography-root"
          >
            Starting 3 days ago
          </p>
        </div>
        <div
          class="MuiCardActions-root MuiCardActions-spacing css-1t6e9jv-MuiCardActions-root"
        >
          <a
            class="MuiButtonBase-root MuiButton-root MuiButton-text MuiButton-textPrimary MuiButton-sizeSmall MuiButton-textSizeSmall MuiButton-root MuiButton-text MuiButton-textPrimary MuiButton-sizeSmall MuiButton-textSizeSmall css-1knaqv7-MuiButtonBase-root-MuiButton-root"
            href="/groups/1"
            tabindex="0"
          >
            Details
          </a>
        </div>
      </div>
      <div
        class="MuiPaper-root MuiPaper-elevation MuiPaper-rounded MuiPaper-elevation1 MuiCard-root css-bhp9pd-MuiPaper-root-MuiCard-root"
      >
        <div
          class="MuiCardContent-root css-46bh2p-MuiCardContent-root"
        >
          <h6
            class="MuiTypography-root MuiTypography-h6 css-2ulfj5-MuiTypography-root"
          >
            Test Group 2
          </h6>
          <p
            class="MuiTypography-root MuiTypography-body1 css-ahj2mt-MuiTypography-root"
          >
            Starting 3 days ago
          </p>
        </div>
        <div
          class="MuiCardActions-root MuiCardActions-spacing css-1t6e9jv-MuiCardActions-root"
        >
          <a
            class="MuiButtonBase-root MuiButton-root MuiButton-text MuiButton-textPrimary MuiButton-sizeSmall MuiButton-textSizeSmall MuiButton-root MuiButton-text MuiButton-textPrimary MuiButton-sizeSmall MuiButton-textSizeSmall css-1knaqv7-MuiButtonBase-root-MuiButton-root"
            href="/groups/2"
            tabindex="0"
          >
            Details
          </a>
        </div>
      </div>
      <div
        class="MuiPaper-root MuiPaper-elevation MuiPaper-rounded MuiPaper-elevation1 MuiCard-root css-bhp9pd-MuiPaper-root-MuiCard-root"
      >
        <div
          class="MuiCardContent-root css-46bh2p-MuiCardContent-root"
        >
          <h6
            class="MuiTypography-root MuiTypography-h6 css-2ulfj5-MuiTypography-root"
          >
            Test Group 3
          </h6>
          <p
            class="MuiTypography-root MuiTypography-body1 css-ahj2mt-MuiTypography-root"
          >
            Starting 3 days ago
          </p>
        </div>
        <div
          class="MuiCardActions-root MuiCardActions-spacing css-1t6e9jv-MuiCardActions-root"
        >
          <a
            class="MuiButtonBase-root MuiButton-root MuiButton-text MuiButton-textPrimary MuiButton-sizeSmall MuiButton-textSizeSmall MuiButton-root MuiButton-text MuiButton-textPrimary MuiButton-sizeSmall MuiButton-textSizeSmall css-1knaqv7-MuiButtonBase-root-MuiButton-root"
            href="/groups/3"
            tabindex="0"
          >
            Details
          </a>
        </div>
      </div>
    </div>
  </div>
</DocumentFragment>
`;
